﻿[36mvite v6.4.1 [32mbuilding for production...[36m[39m
transforming...
[32mΓ£ô[39m 2265 modules transformed.
npx : [31mΓ£ù[39m Build 
failed in 6.15s
At line:1 char:1
+ npx vite build > 
build_output.txt 2>&1
+ ~~~~~~~~~~~~~~~~~~~~~~~~~
~~~~~~~~~~~~~
    + CategoryInfo         
     : NotSpecified: ([3  
  1mΓ£ù[39m Build faile   
 d in 6.15s:String) [],    
 RemoteException
    + FullyQualifiedErrorI 
   d : NativeCommandError
 
[31merror during build:
[31m[vite]: Rollup failed 
to resolve import 
"react-is" from "C:/Users/W
ork/WhatsApp_Application_v1
/whatsapp_integration_front
end/node_modules/recharts/e
s6/util/ReactUtils.js".
This is most likely 
unintended because it can 
break your application at 
runtime.
If you do want to 
externalize this module 
explicitly add it to
`build.rollupOptions.extern
al`[31m
    at viteLog (file:///C:/
Users/Work/WhatsApp_Applica
tion_v1/whatsapp_integratio
n_frontend/node_modules/vit
e/dist/node/chunks/dep-D4NM
HUTW.js:46374:15)
    at file:///C:/Users/Wor
k/WhatsApp_Application_v1/w
hatsapp_integration_fronten
d/node_modules/vite/dist/no
de/chunks/dep-D4NMHUTW.js:4
6432:18
    at onwarn (file:///C:/U
sers/Work/WhatsApp_Applicat
ion_v1/whatsapp_integration
_frontend/node_modules/@vit
ejs/plugin-react/dist/index
.js:76:7)
    at file:///C:/Users/Wor
k/WhatsApp_Application_v1/w
hatsapp_integration_fronten
d/node_modules/vite/dist/no
de/chunks/dep-D4NMHUTW.js:4
6430:7
    at onRollupLog (file://
/C:/Users/Work/WhatsApp_App
lication_v1/whatsapp_integr
ation_frontend/node_modules
/vite/dist/node/chunks/dep-
D4NMHUTW.js:46422:5)
    at onLog (file:///C:/Us
ers/Work/WhatsApp_Applicati
on_v1/whatsapp_integration_
frontend/node_modules/vite/
dist/node/chunks/dep-D4NMHU
TW.js:46072:7)
    at file:///C:/Users/Wor
k/WhatsApp_Application_v1/w
hatsapp_integration_fronten
d/node_modules/rollup/dist/
es/shared/node-entry.js:210
32:32
    at Object.logger [as 
onLog] (file:///C:/Users/Wo
rk/WhatsApp_Application_v1/
whatsapp_integration_fronte
nd/node_modules/rollup/dist
/es/shared/node-entry.js:22
919:9)
    at ModuleLoader.handleI
nvalidResolvedId (file:///C
:/Users/Work/WhatsApp_Appli
cation_v1/whatsapp_integrat
ion_frontend/node_modules/r
ollup/dist/es/shared/node-e
ntry.js:21663:26)
    at file:///C:/Users/Wor
k/WhatsApp_Application_v1/w
hatsapp_integration_fronten
d/node_modules/rollup/dist/
es/shared/node-entry.js:216
21:26[39m
